Archive member included to satisfy reference by file (symbol)

c:/program files (x86)/atmel/studio/7.0/toolchain/avr8/avr8-gnu-toolchain/bin/../lib/gcc/avr/5.4.0/avr5\libgcc.a(_divmodsi4.o)
                              GUI.o (__divmodsi4)
c:/program files (x86)/atmel/studio/7.0/toolchain/avr8/avr8-gnu-toolchain/bin/../lib/gcc/avr/5.4.0/avr5\libgcc.a(_negsi2.o)
                              c:/program files (x86)/atmel/studio/7.0/toolchain/avr8/avr8-gnu-toolchain/bin/../lib/gcc/avr/5.4.0/avr5\libgcc.a(_divmodsi4.o) (__negsi2)
c:/program files (x86)/atmel/studio/7.0/toolchain/avr8/avr8-gnu-toolchain/bin/../lib/gcc/avr/5.4.0/avr5\libgcc.a(_exit.o)
                              C:/Program Files (x86)/Atmel/Studio/7.0/Packs/atmel/ATmega_DFP/1.7.374/gcc/dev/atmega169p/avr5/crtatmega169p.o (exit)
c:/program files (x86)/atmel/studio/7.0/toolchain/avr8/avr8-gnu-toolchain/bin/../lib/gcc/avr/5.4.0/avr5\libgcc.a(_copy_data.o)
                              GUI.o (__do_copy_data)
c:/program files (x86)/atmel/studio/7.0/toolchain/avr8/avr8-gnu-toolchain/bin/../lib/gcc/avr/5.4.0/avr5\libgcc.a(_clear_bss.o)
                              main.o (__do_clear_bss)
c:/program files (x86)/atmel/studio/7.0/toolchain/avr8/avr8-gnu-toolchain/bin/../lib/gcc/avr/5.4.0/avr5\libgcc.a(_udivmodsi4.o)
                              c:/program files (x86)/atmel/studio/7.0/toolchain/avr8/avr8-gnu-toolchain/bin/../lib/gcc/avr/5.4.0/avr5\libgcc.a(_divmodsi4.o) (__udivmodsi4)
c:/program files (x86)/atmel/studio/7.0/toolchain/avr8/avr8-gnu-toolchain/bin/../lib/gcc/avr/5.4.0/../../../../avr/lib/avr5\libc.a(setjmp.o)
                              TinyTimber.o (setjmp)

Allocating common symbols
Common symbol       size              file

otable              0x24              TinyTimber.o
threads             0x74              TinyTimber.o
mtable              0x24              TinyTimber.o
thread0             0x1d              TinyTimber.o
messages            0xf0              TinyTimber.o
stacks              0x180             TinyTimber.o

Discarded input sections

 .data          0x00000000        0x0 C:/Program Files (x86)/Atmel/Studio/7.0/Packs/atmel/ATmega_DFP/1.7.374/gcc/dev/atmega169p/avr5/crtatmega169p.o
 .bss           0x00000000        0x0 C:/Program Files (x86)/Atmel/Studio/7.0/Packs/atmel/ATmega_DFP/1.7.374/gcc/dev/atmega169p/avr5/crtatmega169p.o
 .text          0x00000000        0x0 avr_init.o
 .data          0x00000000        0x0 avr_init.o
 .bss           0x00000000        0x0 avr_init.o
 .text          0x00000000        0x0 Controller.o
 .data          0x00000000        0x0 Controller.o
 .bss           0x00000000        0x0 Controller.o
 .text          0x00000000        0x0 GUI.o
 .data          0x00000000        0x0 GUI.o
 .bss           0x00000000        0x0 GUI.o
 .text          0x00000000        0x0 main.o
 .data          0x00000000        0x0 main.o
 .bss           0x00000000        0x0 main.o
 .text          0x00000000        0x0 serialCom.o
 .data          0x00000000        0x0 serialCom.o
 .bss           0x00000000        0x0 serialCom.o
 .text          0x00000000        0x0 TinyTimber.o
 .data          0x00000000        0x0 TinyTimber.o
 .bss           0x00000000        0x0 TinyTimber.o
 .text.remove   0x00000000       0x4a TinyTimber.o
 .text.ABORT    0x00000000       0x8c TinyTimber.o
 .text.T_RESET  0x00000000       0x3a TinyTimber.o
 .text.T_SAMPLE
                0x00000000       0x54 TinyTimber.o
 .text          0x00000000        0x0 c:/program files (x86)/atmel/studio/7.0/toolchain/avr8/avr8-gnu-toolchain/bin/../lib/gcc/avr/5.4.0/avr5\libgcc.a(_divmodsi4.o)
 .data          0x00000000        0x0 c:/program files (x86)/atmel/studio/7.0/toolchain/avr8/avr8-gnu-toolchain/bin/../lib/gcc/avr/5.4.0/avr5\libgcc.a(_divmodsi4.o)
 .bss           0x00000000        0x0 c:/program files (x86)/atmel/studio/7.0/toolchain/avr8/avr8-gnu-toolchain/bin/../lib/gcc/avr/5.4.0/avr5\libgcc.a(_divmodsi4.o)
 .text.libgcc.mul
                0x00000000        0x0 c:/program files (x86)/atmel/studio/7.0/toolchain/avr8/avr8-gnu-toolchain/bin/../lib/gcc/avr/5.4.0/avr5\libgcc.a(_divmodsi4.o)
 .text.libgcc   0x00000000        0x0 c:/program files (x86)/atmel/studio/7.0/toolchain/avr8/avr8-gnu-toolchain/bin/../lib/gcc/avr/5.4.0/avr5\libgcc.a(_divmodsi4.o)
 .text.libgcc.prologue
                0x00000000        0x0 c:/program files (x86)/atmel/studio/7.0/toolchain/avr8/avr8-gnu-toolchain/bin/../lib/gcc/avr/5.4.0/avr5\libgcc.a(_divmodsi4.o)
 .text.libgcc.builtins
                0x00000000        0x0 c:/program files (x86)/atmel/studio/7.0/toolchain/avr8/avr8-gnu-toolchain/bin/../lib/gcc/avr/5.4.0/avr5\libgcc.a(_divmodsi4.o)
 .text.libgcc.fmul
                0x00000000        0x0 c:/program files (x86)/atmel/studio/7.0/toolchain/avr8/avr8-gnu-toolchain/bin/../lib/gcc/avr/5.4.0/avr5\libgcc.a(_divmodsi4.o)
 .text.libgcc.fixed
                0x00000000        0x0 c:/program files (x86)/atmel/studio/7.0/toolchain/avr8/avr8-gnu-toolchain/bin/../lib/gcc/avr/5.4.0/avr5\libgcc.a(_divmodsi4.o)
 .text          0x00000000        0x0 c:/program files (x86)/atmel/studio/7.0/toolchain/avr8/avr8-gnu-toolchain/bin/../lib/gcc/avr/5.4.0/avr5\libgcc.a(_negsi2.o)
 .data          0x00000000        0x0 c:/program files (x86)/atmel/studio/7.0/toolchain/avr8/avr8-gnu-toolchain/bin/../lib/gcc/avr/5.4.0/avr5\libgcc.a(_negsi2.o)
 .bss           0x00000000        0x0 c:/program files (x86)/atmel/studio/7.0/toolchain/avr8/avr8-gnu-toolchain/bin/../lib/gcc/avr/5.4.0/avr5\libgcc.a(_negsi2.o)
 .text.libgcc.mul
                0x00000000        0x0 c:/program files (x86)/atmel/studio/7.0/toolchain/avr8/avr8-gnu-toolchain/bin/../lib/gcc/avr/5.4.0/avr5\libgcc.a(_negsi2.o)
 .text.libgcc   0x00000000        0x0 c:/program files (x86)/atmel/studio/7.0/toolchain/avr8/avr8-gnu-toolchain/bin/../lib/gcc/avr/5.4.0/avr5\libgcc.a(_negsi2.o)
 .text.libgcc.prologue
                0x00000000        0x0 c:/program files (x86)/atmel/studio/7.0/toolchain/avr8/avr8-gnu-toolchain/bin/../lib/gcc/avr/5.4.0/avr5\libgcc.a(_negsi2.o)
 .text.libgcc.builtins
                0x00000000        0x0 c:/program files (x86)/atmel/studio/7.0/toolchain/avr8/avr8-gnu-toolchain/bin/../lib/gcc/avr/5.4.0/avr5\libgcc.a(_negsi2.o)
 .text.libgcc.fmul
                0x00000000        0x0 c:/program files (x86)/atmel/studio/7.0/toolchain/avr8/avr8-gnu-toolchain/bin/../lib/gcc/avr/5.4.0/avr5\libgcc.a(_negsi2.o)
 .text.libgcc.fixed
                0x00000000        0x0 c:/program files (x86)/atmel/studio/7.0/toolchain/avr8/avr8-gnu-toolchain/bin/../lib/gcc/avr/5.4.0/avr5\libgcc.a(_negsi2.o)
 .text          0x00000000        0x0 c:/program files (x86)/atmel/studio/7.0/toolchain/avr8/avr8-gnu-toolchain/bin/../lib/gcc/avr/5.4.0/avr5\libgcc.a(_exit.o)
 .data          0x00000000        0x0 c:/program files (x86)/atmel/studio/7.0/toolchain/avr8/avr8-gnu-toolchain/bin/../lib/gcc/avr/5.4.0/avr5\libgcc.a(_exit.o)
 .bss           0x00000000        0x0 c:/program files (x86)/atmel/studio/7.0/toolchain/avr8/avr8-gnu-toolchain/bin/../lib/gcc/avr/5.4.0/avr5\libgcc.a(_exit.o)
 .text.libgcc.mul
                0x00000000        0x0 c:/program files (x86)/atmel/studio/7.0/toolchain/avr8/avr8-gnu-toolchain/bin/../lib/gcc/avr/5.4.0/avr5\libgcc.a(_exit.o)
 .text.libgcc.div
                0x00000000        0x0 c:/program files (x86)/atmel/studio/7.0/toolchain/avr8/avr8-gnu-toolchain/bin/../lib/gcc/avr/5.4.0/avr5\libgcc.a(_exit.o)
 .text.libgcc   0x00000000        0x0 c:/program files (x86)/atmel/studio/7.0/toolchain/avr8/avr8-gnu-toolchain/bin/../lib/gcc/avr/5.4.0/avr5\libgcc.a(_exit.o)
 .text.libgcc.prologue
                0x00000000        0x0 c:/program files (x86)/atmel/studio/7.0/toolchain/avr8/avr8-gnu-toolchain/bin/../lib/gcc/avr/5.4.0/avr5\libgcc.a(_exit.o)
 .text.libgcc.builtins
                0x00000000        0x0 c:/program files (x86)/atmel/studio/7.0/toolchain/avr8/avr8-gnu-toolchain/bin/../lib/gcc/avr/5.4.0/avr5\libgcc.a(_exit.o)
 .text.libgcc.fmul
                0x00000000        0x0 c:/program files (x86)/atmel/studio/7.0/toolchain/avr8/avr8-gnu-toolchain/bin/../lib/gcc/avr/5.4.0/avr5\libgcc.a(_exit.o)
 .text.libgcc.fixed
                0x00000000        0x0 c:/program files (x86)/atmel/studio/7.0/toolchain/avr8/avr8-gnu-toolchain/bin/../lib/gcc/avr/5.4.0/avr5\libgcc.a(_exit.o)
 .text          0x00000000        0x0 c:/program files (x86)/atmel/studio/7.0/toolchain/avr8/avr8-gnu-toolchain/bin/../lib/gcc/avr/5.4.0/avr5\libgcc.a(_copy_data.o)
 .data          0x00000000        0x0 c:/program files (x86)/atmel/studio/7.0/toolchain/avr8/avr8-gnu-toolchain/bin/../lib/gcc/avr/5.4.0/avr5\libgcc.a(_copy_data.o)
 .bss           0x00000000        0x0 c:/program files (x86)/atmel/studio/7.0/toolchain/avr8/avr8-gnu-toolchain/bin/../lib/gcc/avr/5.4.0/avr5\libgcc.a(_copy_data.o)
 .text.libgcc.mul
                0x00000000        0x0 c:/program files (x86)/atmel/studio/7.0/toolchain/avr8/avr8-gnu-toolchain/bin/../lib/gcc/avr/5.4.0/avr5\libgcc.a(_copy_data.o)
 .text.libgcc.div
                0x00000000        0x0 c:/program files (x86)/atmel/studio/7.0/toolchain/avr8/avr8-gnu-toolchain/bin/../lib/gcc/avr/5.4.0/avr5\libgcc.a(_copy_data.o)
 .text.libgcc   0x00000000        0x0 c:/program files (x86)/atmel/studio/7.0/toolchain/avr8/avr8-gnu-toolchain/bin/../lib/gcc/avr/5.4.0/avr5\libgcc.a(_copy_data.o)
 .text.libgcc.prologue
                0x00000000        0x0 c:/program files (x86)/atmel/studio/7.0/toolchain/avr8/avr8-gnu-toolchain/bin/../lib/gcc/avr/5.4.0/avr5\libgcc.a(_copy_data.o)
 .text.libgcc.builtins
                0x00000000        0x0 c:/program files (x86)/atmel/studio/7.0/toolchain/avr8/avr8-gnu-toolchain/bin/../lib/gcc/avr/5.4.0/avr5\libgcc.a(_copy_data.o)
 .text.libgcc.fmul
                0x00000000        0x0 c:/program files (x86)/atmel/studio/7.0/toolchain/avr8/avr8-gnu-toolchain/bin/../lib/gcc/avr/5.4.0/avr5\libgcc.a(_copy_data.o)
 .text.libgcc.fixed
                0x00000000        0x0 c:/program files (x86)/atmel/studio/7.0/toolchain/avr8/avr8-gnu-toolchain/bin/../lib/gcc/avr/5.4.0/avr5\libgcc.a(_copy_data.o)
 .text          0x00000000        0x0 c:/program files (x86)/atmel/studio/7.0/toolchain/avr8/avr8-gnu-toolchain/bin/../lib/gcc/avr/5.4.0/avr5\libgcc.a(_clear_bss.o)
 .data          0x00000000        0x0 c:/program files (x86)/atmel/studio/7.0/toolchain/avr8/avr8-gnu-toolchain/bin/../lib/gcc/avr/5.4.0/avr5\libgcc.a(_clear_bss.o)
 .bss           0x00000000        0x0 c:/program files (x86)/atmel/studio/7.0/toolchain/avr8/avr8-gnu-toolchain/bin/../lib/gcc/avr/5.4.0/avr5\libgcc.a(_clear_bss.o)
 .text.libgcc.mul
                0x00000000        0x0 c:/program files (x86)/atmel/studio/7.0/toolchain/avr8/avr8-gnu-toolchain/bin/../lib/gcc/avr/5.4.0/avr5\libgcc.a(_clear_bss.o)
 .text.libgcc.div
                0x00000000        0x0 c:/program files (x86)/atmel/studio/7.0/toolchain/avr8/avr8-gnu-toolchain/bin/../lib/gcc/avr/5.4.0/avr5\libgcc.a(_clear_bss.o)
 .text.libgcc   0x00000000        0x0 c:/program files (x86)/atmel/studio/7.0/toolchain/avr8/avr8-gnu-toolchain/bin/../lib/gcc/avr/5.4.0/avr5\libgcc.a(_clear_bss.o)
 .text.libgcc.prologue
                0x00000000        0x0 c:/program files (x86)/atmel/studio/7.0/toolchain/avr8/avr8-gnu-toolchain/bin/../lib/gcc/avr/5.4.0/avr5\libgcc.a(_clear_bss.o)
 .text.libgcc.builtins
                0x00000000        0x0 c:/program files (x86)/atmel/studio/7.0/toolchain/avr8/avr8-gnu-toolchain/bin/../lib/gcc/avr/5.4.0/avr5\libgcc.a(_clear_bss.o)
 .text.libgcc.fmul
                0x00000000        0x0 c:/program files (x86)/atmel/studio/7.0/toolchain/avr8/avr8-gnu-toolchain/bin/../lib/gcc/avr/5.4.0/avr5\libgcc.a(_clear_bss.o)
 .text.libgcc.fixed
                0x00000000        0x0 c:/program files (x86)/atmel/studio/7.0/toolchain/avr8/avr8-gnu-toolchain/bin/../lib/gcc/avr/5.4.0/avr5\libgcc.a(_clear_bss.o)
 .text          0x00000000        0x0 c:/program files (x86)/atmel/studio/7.0/toolchain/avr8/avr8-gnu-toolchain/bin/../lib/gcc/avr/5.4.0/avr5\libgcc.a(_udivmodsi4.o)
 .data          0x00000000        0x0 c:/program files (x86)/atmel/studio/7.0/toolchain/avr8/avr8-gnu-toolchain/bin/../lib/gcc/avr/5.4.0/avr5\libgcc.a(_udivmodsi4.o)
 .bss           0x00000000        0x0 c:/program files (x86)/atmel/studio/7.0/toolchain/avr8/avr8-gnu-toolchain/bin/../lib/gcc/avr/5.4.0/avr5\libgcc.a(_udivmodsi4.o)
 .text.libgcc.mul
                0x00000000        0x0 c:/program files (x86)/atmel/studio/7.0/toolchain/avr8/avr8-gnu-toolchain/bin/../lib/gcc/avr/5.4.0/avr5\libgcc.a(_udivmodsi4.o)
 .text.libgcc   0x00000000        0x0 c:/program files (x86)/atmel/studio/7.0/toolchain/avr8/avr8-gnu-toolchain/bin/../lib/gcc/avr/5.4.0/avr5\libgcc.a(_udivmodsi4.o)
 .text.libgcc.prologue
                0x00000000        0x0 c:/program files (x86)/atmel/studio/7.0/toolchain/avr8/avr8-gnu-toolchain/bin/../lib/gcc/avr/5.4.0/avr5\libgcc.a(_udivmodsi4.o)
 .text.libgcc.builtins
                0x00000000        0x0 c:/program files (x86)/atmel/studio/7.0/toolchain/avr8/avr8-gnu-toolchain/bin/../lib/gcc/avr/5.4.0/avr5\libgcc.a(_udivmodsi4.o)
 .text.libgcc.fmul
                0x00000000        0x0 c:/program files (x86)/atmel/studio/7.0/toolchain/avr8/avr8-gnu-toolchain/bin/../lib/gcc/avr/5.4.0/avr5\libgcc.a(_udivmodsi4.o)
 .text.libgcc.fixed
                0x00000000        0x0 c:/program files (x86)/atmel/studio/7.0/toolchain/avr8/avr8-gnu-toolchain/bin/../lib/gcc/avr/5.4.0/avr5\libgcc.a(_udivmodsi4.o)
 .text          0x00000000        0x0 c:/program files (x86)/atmel/studio/7.0/toolchain/avr8/avr8-gnu-toolchain/bin/../lib/gcc/avr/5.4.0/../../../../avr/lib/avr5\libc.a(setjmp.o)
 .data          0x00000000        0x0 c:/program files (x86)/atmel/studio/7.0/toolchain/avr8/avr8-gnu-toolchain/bin/../lib/gcc/avr/5.4.0/../../../../avr/lib/avr5\libc.a(setjmp.o)
 .bss           0x00000000        0x0 c:/program files (x86)/atmel/studio/7.0/toolchain/avr8/avr8-gnu-toolchain/bin/../lib/gcc/avr/5.4.0/../../../../avr/lib/avr5\libc.a(setjmp.o)

Memory Configuration

Name             Origin             Length             Attributes
text             0x00000000         0x00004000         xr
data             0x00800100         0x00000400         rw !x
eeprom           0x00810000         0x00000200         rw !x
fuse             0x00820000         0x00000003         rw !x
lock             0x00830000         0x00000400         rw !x
signature        0x00840000         0x00000400         rw !x
user_signatures  0x00850000         0x00000400         rw !x
*default*        0x00000000         0xffffffff

Linker script and memory map

Address of section .data set to 0x800100
LOAD C:/Program Files (x86)/Atmel/Studio/7.0/Packs/atmel/ATmega_DFP/1.7.374/gcc/dev/atmega169p/avr5/crtatmega169p.o
LOAD avr_init.o
LOAD Controller.o
LOAD GUI.o
LOAD main.o
LOAD serialCom.o
LOAD TinyTimber.o
START GROUP
LOAD c:/program files (x86)/atmel/studio/7.0/toolchain/avr8/avr8-gnu-toolchain/bin/../lib/gcc/avr/5.4.0/../../../../avr/lib/avr5\libm.a
END GROUP
START GROUP
LOAD c:/program files (x86)/atmel/studio/7.0/toolchain/avr8/avr8-gnu-toolchain/bin/../lib/gcc/avr/5.4.0/avr5\libgcc.a
LOAD c:/program files (x86)/atmel/studio/7.0/toolchain/avr8/avr8-gnu-toolchain/bin/../lib/gcc/avr/5.4.0/../../../../avr/lib/avr5\libm.a
LOAD c:/program files (x86)/atmel/studio/7.0/toolchain/avr8/avr8-gnu-toolchain/bin/../lib/gcc/avr/5.4.0/../../../../avr/lib/avr5\libc.a
LOAD C:/Program Files (x86)/Atmel/Studio/7.0/Packs/atmel/ATmega_DFP/1.7.374/gcc/dev/atmega169p/avr5\libatmega169p.a
END GROUP
                0x00000000                __TEXT_REGION_ORIGIN__ = DEFINED (__TEXT_REGION_ORIGIN__)?__TEXT_REGION_ORIGIN__:0x0
                [0x00800100]                __DATA_REGION_ORIGIN__ = DEFINED (__DATA_REGION_ORIGIN__)?__DATA_REGION_ORIGIN__:0x800060
                [0x00004000]                __TEXT_REGION_LENGTH__ = DEFINED (__TEXT_REGION_LENGTH__)?__TEXT_REGION_LENGTH__:0x20000
                [0x00000400]                __DATA_REGION_LENGTH__ = DEFINED (__DATA_REGION_LENGTH__)?__DATA_REGION_LENGTH__:0xffa0
                [0x00000200]                __EEPROM_REGION_LENGTH__ = DEFINED (__EEPROM_REGION_LENGTH__)?__EEPROM_REGION_LENGTH__:0x10000
                [0x00000003]                __FUSE_REGION_LENGTH__ = DEFINED (__FUSE_REGION_LENGTH__)?__FUSE_REGION_LENGTH__:0x400
                0x00000400                __LOCK_REGION_LENGTH__ = DEFINED (__LOCK_REGION_LENGTH__)?__LOCK_REGION_LENGTH__:0x400
                0x00000400                __SIGNATURE_REGION_LENGTH__ = DEFINED (__SIGNATURE_REGION_LENGTH__)?__SIGNATURE_REGION_LENGTH__:0x400
                0x00000400                __USER_SIGNATURE_REGION_LENGTH__ = DEFINED (__USER_SIGNATURE_REGION_LENGTH__)?__USER_SIGNATURE_REGION_LENGTH__:0x400

.hash
 *(.hash)

.dynsym
 *(.dynsym)

.dynstr
 *(.dynstr)

.gnu.version
 *(.gnu.version)

.gnu.version_d
 *(.gnu.version_d)

.gnu.version_r
 *(.gnu.version_r)

.rel.init
 *(.rel.init)

.rela.init
 *(.rela.init)

.rel.text
 *(.rel.text)
 *(.rel.text.*)
 *(.rel.gnu.linkonce.t*)

.rela.text
 *(.rela.text)
 *(.rela.text.*)
 *(.rela.gnu.linkonce.t*)

.rel.fini
 *(.rel.fini)

.rela.fini
 *(.rela.fini)

.rel.rodata
 *(.rel.rodata)
 *(.rel.rodata.*)
 *(.rel.gnu.linkonce.r*)

.rela.rodata
 *(.rela.rodata)
 *(.rela.rodata.*)
 *(.rela.gnu.linkonce.r*)

.rel.data
 *(.rel.data)
 *(.rel.data.*)
 *(.rel.gnu.linkonce.d*)

.rela.data
 *(.rela.data)
 *(.rela.data.*)
 *(.rela.gnu.linkonce.d*)

.rel.ctors
 *(.rel.ctors)

.rela.ctors
 *(.rela.ctors)

.rel.dtors
 *(.rel.dtors)

.rela.dtors
 *(.rela.dtors)

.rel.got
 *(.rel.got)

.rela.got
 *(.rela.got)

.rel.bss
 *(.rel.bss)

.rela.bss
 *(.rela.bss)

.rel.plt
 *(.rel.plt)

.rela.plt
 *(.rela.plt)

.text           0x00000000     0x233a
 *(.vectors)
 .vectors       0x00000000       0x5c C:/Program Files (x86)/Atmel/Studio/7.0/Packs/atmel/ATmega_DFP/1.7.374/gcc/dev/atmega169p/avr5/crtatmega169p.o
                0x00000000                __vector_default
                0x00000000                __vectors
 *(.vectors)
 *(.progmem.gcc*)
                0x0000005c                . = ALIGN (0x2)
                0x0000005c                __trampolines_start = .
 *(.trampolines)
 .trampolines   0x0000005c        0x0 linker stubs
 *(.trampolines*)
                0x0000005c                __trampolines_end = .
 *libprintf_flt.a:*(.progmem.data)
 *libc.a:*(.progmem.data)
 *(.progmem*)
                0x0000005c                . = ALIGN (0x2)
 *(.jumptables)
 *(.jumptables*)
 *(.lowtext)
 *(.lowtext*)
                0x0000005c                __ctors_start = .
 *(.ctors)
                0x0000005c                __ctors_end = .
                0x0000005c                __dtors_start = .
 *(.dtors)
                0x0000005c                __dtors_end = .
 SORT(*)(.ctors)
 SORT(*)(.dtors)
 *(.init0)
 .init0         0x0000005c        0x0 C:/Program Files (x86)/Atmel/Studio/7.0/Packs/atmel/ATmega_DFP/1.7.374/gcc/dev/atmega169p/avr5/crtatmega169p.o
                0x0000005c                __init
 *(.init0)
 *(.init1)
 *(.init1)
 *(.init2)
 .init2         0x0000005c        0xc C:/Program Files (x86)/Atmel/Studio/7.0/Packs/atmel/ATmega_DFP/1.7.374/gcc/dev/atmega169p/avr5/crtatmega169p.o
 *(.init2)
 *(.init3)
 *(.init3)
 *(.init4)
 .init4         0x00000068       0x16 c:/program files (x86)/atmel/studio/7.0/toolchain/avr8/avr8-gnu-toolchain/bin/../lib/gcc/avr/5.4.0/avr5\libgcc.a(_copy_data.o)
                0x00000068                __do_copy_data
 .init4         0x0000007e       0x10 c:/program files (x86)/atmel/studio/7.0/toolchain/avr8/avr8-gnu-toolchain/bin/../lib/gcc/avr/5.4.0/avr5\libgcc.a(_clear_bss.o)
                0x0000007e                __do_clear_bss
 *(.init4)
 *(.init5)
 *(.init5)
 *(.init6)
 *(.init6)
 *(.init7)
 *(.init7)
 *(.init8)
 *(.init8)
 *(.init9)
 .init9         0x0000008e        0x8 C:/Program Files (x86)/Atmel/Studio/7.0/Packs/atmel/ATmega_DFP/1.7.374/gcc/dev/atmega169p/avr5/crtatmega169p.o
 *(.init9)
 *(.text)
 .text          0x00000096        0x4 C:/Program Files (x86)/Atmel/Studio/7.0/Packs/atmel/ATmega_DFP/1.7.374/gcc/dev/atmega169p/avr5/crtatmega169p.o
                0x00000096                __vector_6
                0x00000096                __vector_8
                0x00000096                __bad_interrupt
                0x0000009a                . = ALIGN (0x2)
 *(.text.*)
 .text.avr_init
                0x0000009a       0x50 avr_init.o
                0x0000009a                avr_init
 .text.updateBridgeAmount
                0x000000ea       0x28 Controller.o
                0x000000ea                updateBridgeAmount
 .text.idleState
                0x00000112       0xd4 Controller.o
                0x00000112                idleState
 .text.waitForBridgeClearance
                0x000001e6       0x72 Controller.o
                0x000001e6                waitForBridgeClearance
 .text.dispatchNextCar
                0x00000258       0xa8 Controller.o
                0x00000258                dispatchNextCar
 .text.signalGreenLight
                0x00000300       0x86 Controller.o
                0x00000300                signalGreenLight
 .text.monitorCarEntry
                0x00000386       0xba Controller.o
                0x00000386                monitorCarEntry
 .text.bitParser
                0x00000440      0x152 Controller.o
                0x00000440                bitParser
 .text.getNorthQueue
                0x00000592        0x8 Controller.o
                0x00000592                getNorthQueue
 .text.getSouthQueue
                0x0000059a        0x8 Controller.o
                0x0000059a                getSouthQueue
 .text.getBridgeAmount
                0x000005a2        0x8 Controller.o
                0x000005a2                getBridgeAmount
 .text.periodicUpdate
                0x000005aa       0x66 GUI.o
                0x000005aa                periodicUpdate
 .text.lcd_init
                0x00000610       0x14 GUI.o
                0x00000610                lcd_init
 .text.writeChar
                0x00000624       0xe0 GUI.o
                0x00000624                writeChar
 .text.printAt  0x00000704       0x74 GUI.o
                0x00000704                printAt
 .text.updateDisplay
                0x00000778       0x70 GUI.o
                0x00000778                updateDisplay
 .text.startProgram
                0x000007e8       0x86 main.o
                0x000007e8                startProgram
 .text.main     0x0000086e       0x28 main.o
                0x0000086e                main
 .text.USARTtransmit
                0x00000896       0x12 serialCom.o
                0x00000896                USARTtransmit
 .text.USARTreceive
                0x000008a8       0x10 serialCom.o
                0x000008a8                USARTreceive
 .text.initialize
                0x000008b8      0x13e TinyTimber.o
 .text.dispatch
                0x000009f6       0x40 TinyTimber.o
 .text.enqueueByDeadline
                0x00000a36       0x62 TinyTimber.o
                0x00000a36                enqueueByDeadline
 .text.enqueueByBaseline
                0x00000a98       0x62 TinyTimber.o
                0x00000a98                enqueueByBaseline
 .text.dequeue  0x00000afa       0x2e TinyTimber.o
                0x00000afa                dequeue
 .text.insert   0x00000b28       0x14 TinyTimber.o
                0x00000b28                insert
 .text.push     0x00000b3c       0x14 TinyTimber.o
                0x00000b3c                push
 .text.pop      0x00000b50       0x14 TinyTimber.o
                0x00000b50                pop
 .text.schedule
                0x00000b64       0x68 TinyTimber.o
 .text.__vector_1
                0x00000bcc       0xde TinyTimber.o
                0x00000bcc                __vector_1
 .text.__vector_2
                0x00000caa       0xde TinyTimber.o
                0x00000caa                __vector_2
 .text.__vector_3
                0x00000d88       0xde TinyTimber.o
                0x00000d88                __vector_3
 .text.__vector_4
                0x00000e66       0xde TinyTimber.o
                0x00000e66                __vector_4
 .text.__vector_5
                0x00000f44       0xde TinyTimber.o
                0x00000f44                __vector_5
 .text.__vector_10
                0x00001022       0xde TinyTimber.o
                0x00001022                __vector_10
 .text.__vector_11
                0x00001100       0xde TinyTimber.o
                0x00001100                __vector_11
 .text.__vector_12
                0x000011de       0xde TinyTimber.o
                0x000011de                __vector_12
 .text.__vector_13
                0x000012bc       0xde TinyTimber.o
                0x000012bc                __vector_13
 .text.__vector_14
                0x0000139a       0xde TinyTimber.o
                0x0000139a                __vector_14
 .text.__vector_15
                0x00001478       0xde TinyTimber.o
                0x00001478                __vector_15
 .text.__vector_16
                0x00001556       0xde TinyTimber.o
                0x00001556                __vector_16
 .text.__vector_17
                0x00001634       0xde TinyTimber.o
                0x00001634                __vector_17
 .text.__vector_18
                0x00001712       0xde TinyTimber.o
                0x00001712                __vector_18
 .text.__vector_19
                0x000017f0       0xde TinyTimber.o
                0x000017f0                __vector_19
 .text.__vector_20
                0x000018ce       0xde TinyTimber.o
                0x000018ce                __vector_20
 .text.__vector_21
                0x000019ac       0xde TinyTimber.o
                0x000019ac                __vector_21
 .text.__vector_22
                0x00001a8a       0xde TinyTimber.o
                0x00001a8a                __vector_22
 .text.idle     0x00001b68        0xe TinyTimber.o
 .text.__vector_9
                0x00001b76       0xa4 TinyTimber.o
                0x00001b76                __vector_9
 .text.__vector_7
                0x00001c1a      0x140 TinyTimber.o
                0x00001c1a                __vector_7
 .text.async    0x00001d5a      0x212 TinyTimber.o
                0x00001d5a                async
 .text.sync     0x00001f6c      0x104 TinyTimber.o
                0x00001f6c                sync
 .text.run      0x00002070       0xb0 TinyTimber.o
 .text.CURRENT_OFFSET
                0x00002120       0xae TinyTimber.o
                0x00002120                CURRENT_OFFSET
 .text.install  0x000021ce       0x36 TinyTimber.o
                0x000021ce                install
 .text.tinytimber
                0x00002204       0x2e TinyTimber.o
                0x00002204                tinytimber
 .text.libgcc.div
                0x00002232       0x2e c:/program files (x86)/atmel/studio/7.0/toolchain/avr8/avr8-gnu-toolchain/bin/../lib/gcc/avr/5.4.0/avr5\libgcc.a(_divmodsi4.o)
                0x00002232                __divmodsi4
 .text.libgcc.div
                0x00002260       0x10 c:/program files (x86)/atmel/studio/7.0/toolchain/avr8/avr8-gnu-toolchain/bin/../lib/gcc/avr/5.4.0/avr5\libgcc.a(_negsi2.o)
                0x00002260                __negsi2
 .text.libgcc.div
                0x00002270       0x44 c:/program files (x86)/atmel/studio/7.0/toolchain/avr8/avr8-gnu-toolchain/bin/../lib/gcc/avr/5.4.0/avr5\libgcc.a(_udivmodsi4.o)
                0x00002270                __udivmodsi4
 .text.avr-libc
                0x000022b4       0x82 c:/program files (x86)/atmel/studio/7.0/toolchain/avr8/avr8-gnu-toolchain/bin/../lib/gcc/avr/5.4.0/../../../../avr/lib/avr5\libc.a(setjmp.o)
                0x000022b4                setjmp
                0x000022f4                longjmp
                0x00002336                . = ALIGN (0x2)
 *(.fini9)
 .fini9         0x00002336        0x0 c:/program files (x86)/atmel/studio/7.0/toolchain/avr8/avr8-gnu-toolchain/bin/../lib/gcc/avr/5.4.0/avr5\libgcc.a(_exit.o)
                0x00002336                _exit
                0x00002336                exit
 *(.fini9)
 *(.fini8)
 *(.fini8)
 *(.fini7)
 *(.fini7)
 *(.fini6)
 *(.fini6)
 *(.fini5)
 *(.fini5)
 *(.fini4)
 *(.fini4)
 *(.fini3)
 *(.fini3)
 *(.fini2)
 *(.fini2)
 *(.fini1)
 *(.fini1)
 *(.fini0)
 .fini0         0x00002336        0x4 c:/program files (x86)/atmel/studio/7.0/toolchain/avr8/avr8-gnu-toolchain/bin/../lib/gcc/avr/5.4.0/avr5\libgcc.a(_exit.o)
 *(.fini0)
                0x0000233a                _etext = .

.data           0x00800100       0x3a load address 0x0000233a
                0x00800100                PROVIDE (__data_start, .)
 *(.data)
 *(.data*)
 .data.gui      0x00800100        0x6 main.o
                0x00800100                gui
 .data.controller
                0x00800106       0x17 main.o
                0x00800106                controller
 .data.current  0x0080011d        0x2 TinyTimber.o
                0x0080011d                current
 .data.activeStack
                0x0080011f        0x2 TinyTimber.o
                0x0080011f                activeStack
 .data.threadPool
                0x00800121        0x2 TinyTimber.o
                0x00800121                threadPool
 .data.msgPool  0x00800123        0x2 TinyTimber.o
                0x00800123                msgPool
 *(.gnu.linkonce.d*)
 *(.rodata)
 *(.rodata*)
 .rodata.font   0x00800125       0x14 GUI.o
                0x00800125                font
 *(.gnu.linkonce.r*)
                0x0080013a                . = ALIGN (0x2)
 *fill*         0x00800139        0x1 
                0x0080013a                _edata = .
                0x0080013a                PROVIDE (__data_end, .)

.bss            0x0080013a      0x357
                0x0080013a                PROVIDE (__bss_start, .)
 *(.bss)
 *(.bss*)
 .bss.serial    0x0080013a        0x4 main.o
                0x0080013a                serial
 .bss.overflows
                0x0080013e        0x2 TinyTimber.o
                0x0080013e                overflows
 .bss.timestamp
                0x00800140        0x4 TinyTimber.o
                0x00800140                timestamp
 .bss.timerQ    0x00800144        0x2 TinyTimber.o
                0x00800144                timerQ
 .bss.msgQ      0x00800146        0x2 TinyTimber.o
                0x00800146                msgQ
 *(COMMON)
 COMMON         0x00800148      0x349 TinyTimber.o
                0x00800148                otable
                0x0080016c                threads
                0x008001e0                mtable
                0x00800204                thread0
                0x00800221                messages
                0x00800311                stacks
                0x00800491                PROVIDE (__bss_end, .)
                0x0000233a                __data_load_start = LOADADDR (.data)
                0x00002374                __data_load_end = (__data_load_start + SIZEOF (.data))

.noinit         0x00800491        0x0
                [!provide]                PROVIDE (__noinit_start, .)
 *(.noinit*)
                [!provide]                PROVIDE (__noinit_end, .)
                0x00800491                _end = .
                [!provide]                PROVIDE (__heap_start, .)

.eeprom         0x00810000        0x0
 *(.eeprom*)
                0x00810000                __eeprom_end = .

.fuse
 *(.fuse)
 *(.lfuse)
 *(.hfuse)
 *(.efuse)

.lock
 *(.lock*)

.signature
 *(.signature*)

.user_signatures
 *(.user_signatures*)

.stab
 *(.stab)

.stabstr
 *(.stabstr)

.stab.excl
 *(.stab.excl)

.stab.exclstr
 *(.stab.exclstr)

.stab.index
 *(.stab.index)

.stab.indexstr
 *(.stab.indexstr)

.comment        0x00000000       0x30
 *(.comment)
 .comment       0x00000000       0x30 avr_init.o
                                 0x31 (size before relaxing)
 .comment       0x00000030       0x31 Controller.o
 .comment       0x00000030       0x31 GUI.o
 .comment       0x00000030       0x31 main.o
 .comment       0x00000030       0x31 serialCom.o
 .comment       0x00000030       0x31 TinyTimber.o

.note.gnu.avr.deviceinfo
                0x00000000       0x40
 .note.gnu.avr.deviceinfo
                0x00000000       0x40 C:/Program Files (x86)/Atmel/Studio/7.0/Packs/atmel/ATmega_DFP/1.7.374/gcc/dev/atmega169p/avr5/crtatmega169p.o

.note.gnu.build-id
 *(.note.gnu.build-id)

.debug
 *(.debug)

.line
 *(.line)

.debug_srcinfo
 *(.debug_srcinfo)

.debug_sfnames
 *(.debug_sfnames)

.debug_aranges  0x00000000      0x270
 *(.debug_aranges)
 .debug_aranges
                0x00000000       0x20 avr_init.o
 .debug_aranges
                0x00000020       0x68 Controller.o
 .debug_aranges
                0x00000088       0x40 GUI.o
 .debug_aranges
                0x000000c8       0x28 main.o
 .debug_aranges
                0x000000f0       0x28 serialCom.o
 .debug_aranges
                0x00000118      0x158 TinyTimber.o

.debug_pubnames
 *(.debug_pubnames)

.debug_info     0x00000000     0x2cdc
 *(.debug_info .gnu.linkonce.wi.*)
 .debug_info    0x00000000      0x7b6 C:/Program Files (x86)/Atmel/Studio/7.0/Packs/atmel/ATmega_DFP/1.7.374/gcc/dev/atmega169p/avr5/crtatmega169p.o
 .debug_info    0x000007b6       0x8e avr_init.o
 .debug_info    0x00000844      0x8ad Controller.o
 .debug_info    0x000010f1      0x4bb GUI.o
 .debug_info    0x000015ac      0x457 main.o
 .debug_info    0x00001a03      0x161 serialCom.o
 .debug_info    0x00001b64     0x1178 TinyTimber.o

.debug_abbrev   0x00000000     0x1027
 *(.debug_abbrev)
 .debug_abbrev  0x00000000      0x74b C:/Program Files (x86)/Atmel/Studio/7.0/Packs/atmel/ATmega_DFP/1.7.374/gcc/dev/atmega169p/avr5/crtatmega169p.o
 .debug_abbrev  0x0000074b       0x51 avr_init.o
 .debug_abbrev  0x0000079c      0x139 Controller.o
 .debug_abbrev  0x000008d5      0x199 GUI.o
 .debug_abbrev  0x00000a6e      0x157 main.o
 .debug_abbrev  0x00000bc5       0xca serialCom.o
 .debug_abbrev  0x00000c8f      0x398 TinyTimber.o

.debug_line     0x00000000     0x15cd
 *(.debug_line .debug_line.* .debug_line_end)
 .debug_line    0x00000000      0x122 C:/Program Files (x86)/Atmel/Studio/7.0/Packs/atmel/ATmega_DFP/1.7.374/gcc/dev/atmega169p/avr5/crtatmega169p.o
 .debug_line    0x00000122       0xd9 avr_init.o
 .debug_line    0x000001fb      0x2cb Controller.o
 .debug_line    0x000004c6      0x1a4 GUI.o
 .debug_line    0x0000066a       0xc5 main.o
 .debug_line    0x0000072f       0xf9 serialCom.o
 .debug_line    0x00000828      0xda5 TinyTimber.o

.debug_frame    0x00000000      0xcec
 *(.debug_frame)
 .debug_frame   0x00000000       0x24 avr_init.o
 .debug_frame   0x00000024      0x19c Controller.o
 .debug_frame   0x000001c0       0xcc GUI.o
 .debug_frame   0x0000028c       0x5c main.o
 .debug_frame   0x000002e8       0x34 serialCom.o
 .debug_frame   0x0000031c      0x9d0 TinyTimber.o

.debug_str      0x00000000      0x9e0
 *(.debug_str)
 .debug_str     0x00000000      0x2b3 C:/Program Files (x86)/Atmel/Studio/7.0/Packs/atmel/ATmega_DFP/1.7.374/gcc/dev/atmega169p/avr5/crtatmega169p.o
 .debug_str     0x000002b3      0x146 avr_init.o
                                0x17a (size before relaxing)
 .debug_str     0x000003f9      0x187 Controller.o
                                0x2ff (size before relaxing)
 .debug_str     0x00000580       0x71 GUI.o
                                0x288 (size before relaxing)
 .debug_str     0x000005f1      0x138 main.o
                                0x351 (size before relaxing)
 .debug_str     0x00000729       0x2c serialCom.o
                                0x1c3 (size before relaxing)
 .debug_str     0x00000755      0x28b TinyTimber.o
                                0x566 (size before relaxing)

.debug_loc      0x00000000     0x2a52
 *(.debug_loc)
 .debug_loc     0x00000000      0x78d Controller.o
 .debug_loc     0x0000078d      0x370 GUI.o
 .debug_loc     0x00000afd       0xe9 main.o
 .debug_loc     0x00000be6     0x1e6c TinyTimber.o

.debug_macinfo
 *(.debug_macinfo)

.debug_weaknames
 *(.debug_weaknames)

.debug_funcnames
 *(.debug_funcnames)

.debug_typenames
 *(.debug_typenames)

.debug_varnames
 *(.debug_varnames)

.debug_pubtypes
 *(.debug_pubtypes)

.debug_ranges   0x00000000      0x210
 *(.debug_ranges)
 .debug_ranges  0x00000000       0x10 avr_init.o
 .debug_ranges  0x00000010       0x58 Controller.o
 .debug_ranges  0x00000068       0x30 GUI.o
 .debug_ranges  0x00000098       0x18 main.o
 .debug_ranges  0x000000b0       0x18 serialCom.o
 .debug_ranges  0x000000c8      0x148 TinyTimber.o

.debug_macro
 *(.debug_macro)
OUTPUT(Lab5.elf elf32-avr)
LOAD linker stubs
